// Vitest Snapshot v1, https://vitest.dev/guide/snapshot.html

exports[`multi point mode in linear elements > line 3`] = `
{
  "angle": 0,
  "backgroundColor": "#ffffff",
  "boundElements": null,
  "customData": undefined,
  "endArrowhead": null,
  "endBinding": null,
  "fillStyle": "solid",
  "frameId": null,
  "groupIds": [],
  "height": 110,
  "id": "id0",
  "index": "a0",
  "isDeleted": false,
  "link": null,
  "locked": false,
  "opacity": 100,
  "points": [
    [
      0,
      0,
    ],
    [
      20,
      30,
    ],
    [
      70,
      110,
    ],
  ],
  "polygon": false,
  "roughness": 0,
  "roundness": null,
  "seed": 1278240551,
  "startArrowhead": null,
  "startBinding": null,
  "strokeColor": "#6C6866",
  "strokeStyle": "solid",
  "strokeWidth": 4,
  "type": "line",
  "updated": 1,
  "version": 5,
  "versionNonce": 1014066025,
  "width": 70,
  "x": 30,
  "y": 30,
}
`;
